nn
nn
nn
nn
sgroup
symmetry
lstart
kgen
dstartpara -f SrVO3
