lapw0
lapw1
lapw2
lcore
mixer
mixer
lapw0
lapw1
lapw2
lcore
mixer
lapw0
lapw1
lapw2
lcore
mixer
lapw0
lapw1
lapw2
lcore
mixer
lapw0
lapw1
lapw2
lcore
mixer
lapw0
lapw1
lapw2
lcore
mixer
